// Vitest Snapshot v1, https://vitest.dev/guide/snapshot.html

exports[`buildXtermTheme — ITheme baseline per theme > mint — locked baseline snapshot 1`] = `
{
  "background": "#CCE6D0",
  "black": "#2a3832",
  "blue": "#155878",
  "brightBlack": "#4d6054",
  "brightBlue": "#1a6896",
  "brightCyan": "#095761",
  "brightGreen": "#1e5422",
  "brightMagenta": "#6c4179",
  "brightRed": "#a53e30",
  "brightWhite": "#4d604f",
  "brightYellow": "#6a5000",
  "cursor": "#2d3a35",
  "cursorAccent": "#CCE6D0",
  "cyan": "#0a6571",
  "foreground": "#2d3a35",
  "green": "#246428",
  "magenta": "#7b4a8a",
  "red": "#9e3020",
  "scrollbarSliderActiveBackground": "rgba(45, 58, 53, 0.5)",
  "scrollbarSliderBackground": "rgba(45, 58, 53, 0.2)",
  "scrollbarSliderHoverBackground": "rgba(45, 58, 53, 0.4)",
  "selectionBackground": "rgba(26, 107, 74, 0.25)",
  "white": "#3d5240",
  "yellow": "#7a5c00",
}
`;

exports[`buildXtermTheme — ITheme baseline per theme > night — locked baseline snapshot 1`] = `
{
  "background": "#23262b",
  "black": "#1a1d22",
  "blue": "#58a6ff",
  "brightBlack": "#484f58",
  "brightBlue": "#79c0ff",
  "brightCyan": "#56d4dd",
  "brightGreen": "#56d364",
  "brightMagenta": "#d2a8ff",
  "brightRed": "#ff7b72",
  "brightWhite": "#f0f6fc",
  "brightYellow": "#e3b341",
  "cursor": "#d6d9de",
  "cursorAccent": "#23262b",
  "cyan": "#39c5cf",
  "foreground": "#d6d9de",
  "green": "#3fb950",
  "magenta": "#bc8cff",
  "red": "#f85149",
  "scrollbarSliderActiveBackground": "rgba(214, 217, 222, 0.5)",
  "scrollbarSliderBackground": "rgba(214, 217, 222, 0.2)",
  "scrollbarSliderHoverBackground": "rgba(214, 217, 222, 0.4)",
  "selectionBackground": "rgba(90, 168, 255, 0.25)",
  "white": "#b1bac4",
  "yellow": "#d29922",
}
`;

exports[`buildXtermTheme — ITheme baseline per theme > paper — locked baseline snapshot 1`] = `
{
  "background": "#EEEDED",
  "black": "#2e3436",
  "blue": "#2f5a92",
  "brightBlack": "#5c5c5a",
  "brightBlue": "#40679b",
  "brightCyan": "#075e5e",
  "brightGreen": "#306203",
  "brightMagenta": "#6c4472",
  "brightRed": "#b3341d",
  "brightWhite": "#6a6a6a",
  "brightYellow": "#6f5a00",
  "cursor": "#1a1a1a",
  "cursorAccent": "#EEEDED",
  "cyan": "#086e6e",
  "foreground": "#1a1a1a",
  "green": "#387204",
  "magenta": "#7b4d82",
  "red": "#c33820",
  "scrollbarSliderActiveBackground": "rgba(26, 26, 26, 0.5)",
  "scrollbarSliderBackground": "rgba(26, 26, 26, 0.2)",
  "scrollbarSliderHoverBackground": "rgba(26, 26, 26, 0.4)",
  "selectionBackground": "rgba(0, 102, 204, 0.25)",
  "white": "#595959",
  "yellow": "#806800",
}
`;

exports[`buildXtermTheme — ITheme baseline per theme > sepia — locked baseline snapshot 1`] = `
{
  "background": "#F9F0DB",
  "black": "#3e3328",
  "blue": "#4a6a8a",
  "brightBlack": "#6b5d4f",
  "brightBlue": "#415d79",
  "brightCyan": "#267a6e",
  "brightGreen": "#577328",
  "brightMagenta": "#794a63",
  "brightRed": "#a53c18",
  "brightWhite": "#6c6256",
  "brightYellow": "#836712",
  "cursor": "#5c4b37",
  "cursorAccent": "#F9F0DB",
  "cyan": "#1e645e",
  "foreground": "#5c4b37",
  "green": "#4a6818",
  "magenta": "#8a5470",
  "red": "#b5421a",
  "scrollbarSliderActiveBackground": "rgba(92, 75, 55, 0.5)",
  "scrollbarSliderBackground": "rgba(92, 75, 55, 0.2)",
  "scrollbarSliderHoverBackground": "rgba(92, 75, 55, 0.4)",
  "selectionBackground": "rgba(139, 69, 19, 0.25)",
  "white": "#5e5345",
  "yellow": "#7a5c00",
}
`;

exports[`buildXtermTheme — ITheme baseline per theme > solarized — locked baseline snapshot 1`] = `
{
  "background": "#002b36",
  "black": "#073642",
  "blue": "#268bd2",
  "brightBlack": "#586e75",
  "brightBlue": "#839496",
  "brightCyan": "#93a1a1",
  "brightGreen": "#586e75",
  "brightMagenta": "#6c71c4",
  "brightRed": "#cb4b16",
  "brightWhite": "#fdf6e3",
  "brightYellow": "#657b83",
  "cursor": "#93a1a1",
  "cursorAccent": "#002b36",
  "cyan": "#2aa198",
  "foreground": "#93a1a1",
  "green": "#859900",
  "magenta": "#d33682",
  "red": "#dc322f",
  "scrollbarSliderActiveBackground": "rgba(147, 161, 161, 0.5)",
  "scrollbarSliderBackground": "rgba(147, 161, 161, 0.2)",
  "scrollbarSliderHoverBackground": "rgba(147, 161, 161, 0.4)",
  "selectionBackground": "rgba(38, 139, 210, 0.25)",
  "white": "#eee8d5",
  "yellow": "#b58900",
}
`;

exports[`buildXtermTheme — ITheme baseline per theme > white — locked baseline snapshot 1`] = `
{
  "background": "#FFFFFF",
  "black": "#2e3436",
  "blue": "#3465a4",
  "brightBlack": "#555753",
  "brightBlue": "#4471ab",
  "brightCyan": "#168385",
  "brightGreen": "#4b8316",
  "brightMagenta": "#885088",
  "brightRed": "#d42020",
  "brightWhite": "#656565",
  "brightYellow": "#796300",
  "cursor": "#1a1a1a",
  "cursorAccent": "#FFFFFF",
  "cyan": "#047a7c",
  "foreground": "#1a1a1a",
  "green": "#3d7a04",
  "magenta": "#75507b",
  "red": "#cc0000",
  "scrollbarSliderActiveBackground": "rgba(26, 26, 26, 0.5)",
  "scrollbarSliderBackground": "rgba(26, 26, 26, 0.2)",
  "scrollbarSliderHoverBackground": "rgba(26, 26, 26, 0.4)",
  "selectionBackground": "rgba(0, 102, 204, 0.25)",
  "white": "#767676",
  "yellow": "#8a7000",
}
`;
