// Vitest Snapshot v1, https://vitest.dev/guide/snapshot.html

exports[`Phase-0 spike: ITheme baseline per theme > mint — locked baseline snapshot 1`] = `
{
  "background": "#CCE6D0",
  "black": "#2a3832",
  "blue": "#155878",
  "brightBlack": "#4d6054",
  "brightBlue": "#1a6896",
  "brightCyan": "#0e6b7a",
  "brightGreen": "#2a6a2e",
  "brightMagenta": "#7a4490",
  "brightRed": "#a83828",
  "brightWhite": "#3d5240",
  "brightYellow": "#7a5c00",
  "cursor": "#2d3a35",
  "cursorAccent": "#CCE6D0",
  "cyan": "#0a6571",
  "foreground": "#2d3a35",
  "green": "#246428",
  "magenta": "#7b4a8a",
  "red": "#9e3020",
  "scrollbarSliderActiveBackground": "rgba(0, 0, 0, 0.25)",
  "scrollbarSliderBackground": "rgba(0, 0, 0, 0.10)",
  "scrollbarSliderHoverBackground": "rgba(0, 0, 0, 0.18)",
  "selectionBackground": "rgba(26, 107, 74, 0.2)",
  "white": "#3d5240",
  "yellow": "#7a5c00",
}
`;

exports[`Phase-0 spike: ITheme baseline per theme > night — locked baseline snapshot 1`] = `
{
  "background": "#23262b",
  "black": "#1a1d22",
  "blue": "#58a6ff",
  "brightBlack": "#484f58",
  "brightBlue": "#79c0ff",
  "brightCyan": "#56d4dd",
  "brightGreen": "#56d364",
  "brightMagenta": "#d2a8ff",
  "brightRed": "#ff7b72",
  "brightWhite": "#f0f6fc",
  "brightYellow": "#e3b341",
  "cursor": "#d6d9de",
  "cursorAccent": "#23262b",
  "cyan": "#39c5cf",
  "foreground": "#d6d9de",
  "green": "#3fb950",
  "magenta": "#bc8cff",
  "red": "#f85149",
  "scrollbarSliderActiveBackground": "rgba(255, 255, 255, 0.30)",
  "scrollbarSliderBackground": "rgba(255, 255, 255, 0.12)",
  "scrollbarSliderHoverBackground": "rgba(255, 255, 255, 0.20)",
  "selectionBackground": "rgba(90, 168, 255, 0.22)",
  "white": "#b1bac4",
  "yellow": "#d29922",
}
`;

exports[`Phase-0 spike: ITheme baseline per theme > paper — locked baseline snapshot 1`] = `
{
  "background": "#EEEDED",
  "black": "#2e3436",
  "blue": "#2f5a92",
  "brightBlack": "#5c5c5a",
  "brightBlue": "#3a6494",
  "brightCyan": "#086c6c",
  "brightGreen": "#367004",
  "brightMagenta": "#7d4d84",
  "brightRed": "#c03820",
  "brightWhite": "#595959",
  "brightYellow": "#806800",
  "cursor": "#1a1a1a",
  "cursorAccent": "#EEEDED",
  "cyan": "#086e6e",
  "foreground": "#1a1a1a",
  "green": "#387204",
  "magenta": "#7b4d82",
  "red": "#c33820",
  "scrollbarSliderActiveBackground": "rgba(0, 0, 0, 0.25)",
  "scrollbarSliderBackground": "rgba(0, 0, 0, 0.10)",
  "scrollbarSliderHoverBackground": "rgba(0, 0, 0, 0.18)",
  "selectionBackground": "rgba(0, 102, 204, 0.2)",
  "white": "#595959",
  "yellow": "#806800",
}
`;

exports[`Phase-0 spike: ITheme baseline per theme > sepia — locked baseline snapshot 1`] = `
{
  "background": "#F9F0DB",
  "black": "#3e3328",
  "blue": "#4a6a8a",
  "brightBlack": "#6b5d4f",
  "brightBlue": "#3e6490",
  "brightCyan": "#267a6e",
  "brightGreen": "#4e7018",
  "brightMagenta": "#8a5470",
  "brightRed": "#b04828",
  "brightWhite": "#5e5345",
  "brightYellow": "#886200",
  "cursor": "#5c4b37",
  "cursorAccent": "#F9F0DB",
  "cyan": "#1e645e",
  "foreground": "#5c4b37",
  "green": "#4a6818",
  "magenta": "#8a5470",
  "red": "#b5421a",
  "scrollbarSliderActiveBackground": "rgba(0, 0, 0, 0.25)",
  "scrollbarSliderBackground": "rgba(0, 0, 0, 0.10)",
  "scrollbarSliderHoverBackground": "rgba(0, 0, 0, 0.18)",
  "selectionBackground": "rgba(139, 69, 19, 0.2)",
  "white": "#5e5345",
  "yellow": "#7a5c00",
}
`;

exports[`Phase-0 spike: ITheme baseline per theme > white — locked baseline snapshot 1`] = `
{
  "background": "#FFFFFF",
  "black": "#2e3436",
  "blue": "#3465a4",
  "brightBlack": "#555753",
  "brightBlue": "#3a6faa",
  "brightCyan": "#047878",
  "brightGreen": "#3a8000",
  "brightMagenta": "#885088",
  "brightRed": "#d42020",
  "brightWhite": "#767676",
  "brightYellow": "#8a7000",
  "cursor": "#1a1a1a",
  "cursorAccent": "#FFFFFF",
  "cyan": "#047a7c",
  "foreground": "#1a1a1a",
  "green": "#3d7a04",
  "magenta": "#75507b",
  "red": "#cc0000",
  "scrollbarSliderActiveBackground": "rgba(0, 0, 0, 0.25)",
  "scrollbarSliderBackground": "rgba(0, 0, 0, 0.10)",
  "scrollbarSliderHoverBackground": "rgba(0, 0, 0, 0.18)",
  "selectionBackground": "rgba(0, 102, 204, 0.2)",
  "white": "#767676",
  "yellow": "#8a7000",
}
`;
